cargo : [1m[92m    Finished[0m ]8;;https://doc.rust-lang.org/cargo/reference/profiles.html#default-profiles\`relea
se` profile [optimized]]8;;\ target(s) in 1.66s
At line:15 char:2460
+ ... p\node_modules\@vscode\ripgrep\bin'; cargo run --release 2>&1 | Tee-O ...
+                                          ~~~~~~~~~~~~~~~~~~~~~~~~
    + CategoryInfo          : NotSpecified: ([1m[92m    Fi...get(s) in 1.66s:String) [], RemoteException
    + FullyQualifiedErrorId : NativeCommandError
 
[1m[92m     Running[0m `target\release\daedalus.exe`
[2m2026-10-07T19:05:07.727325Z[0m [32m INFO[0m [2mbevy_render::renderer[0m[2m:[0m AdapterInfo { name: "NVIDIA G
eForce RTX 3060 Laptop GPU", vendor: 4318, device: 9568, device_type: DiscreteGpu, device_pci_bus_id: "0000:01:00.0", d
river: "NVIDIA", driver_info: "610.47", backend: Vulkan, subgroup_min_size: 32, subgroup_max_size: 32, transient_saves_
memory: false }
[2m2026-10-07T19:05:08.022212Z[0m [32m INFO[0m [2mdaedalus::config[0m[2m:[0m Config hot-reload enabled for conf
ig.toml
[2m2026-10-07T19:05:08.022589Z[0m [32m INFO[0m [2mdaedalus[0m[2m:[0m ROS2 integration disabled
[2m2026-10-07T19:05:08.022903Z[0m [32m INFO[0m [2mdaedalus::talos::ipc[0m[2m:[0m talos ipc: net mode -> 192.168
.2.200 (udp 9571, tcp 9572)
[2m2026-10-07T19:05:08.031514Z[0m [32m INFO[0m [2mdaedalus::talos::plugin[0m[2m:[0m talos subscriber ready
[2m2026-10-07T19:05:08.031616Z[0m [32m INFO[0m [2mdaedalus[0m[2m:[0m talos integration enabled
[2m2026-10-07T19:05:08.047761Z[0m [32m INFO[0m [2mbevy_pbr::cluster[0m[2m:[0m GPU clustering is supported on th
is device.
[2m2026-10-07T19:05:08.047827Z[0m [32m INFO[0m [2mbevy_render::batching::gpu_preprocessing[0m[2m:[0m GPU prepro
cessing is fully supported on this device.
[2m2026-10-07T19:05:08.048651Z[0m [32m INFO[0m [2mbevy_winit::system[0m[2m:[0m Creating new window daedalus (65
v0)
[2m2026-10-07T19:05:08.875174Z[0m [32m INFO[0m [2mdaedalus::robomaster::armor::construct[0m[2m:[0m Armor Red_Sm
all_Outpost@'A_ARMOR_ROOT': Added marker with 4 points
[2m2026-10-07T19:05:08.875205Z[0m [32m INFO[0m [2mdaedalus::robomaster::armor::construct[0m[2m:[0m Armor Red_Sm
all_Outpost@'A_ARMOR_ROOT': Extracted 26 vertices
[2m2026-10-07T19:05:08.875213Z[0m [32m INFO[0m [2mdaedalus::robomaster::armor::construct[0m[2m:[0m Armor Red_Sm
all_Outpost@'A_ARMOR_ROOT': Extracted 26 vertices
[2m2026-10-07T19:05:08.875241Z[0m [32m INFO[0m [2mdaedalus::robomaster::armor::construct[0m[2m:[0m Armor Red_Sm
all_Outpost@'B_ARMOR_ROOT': Added marker with 4 points
[2m2026-10-07T19:05:08.875247Z[0m [32m INFO[0m [2mdaedalus::robomaster::armor::construct[0m[2m:[0m Armor Red_Sm
all_Outpost@'B_ARMOR_ROOT': Extracted 35 vertices
[2m2026-10-07T19:05:08.875252Z[0m [32m INFO[0m [2mdaedalus::robomaster::armor::construct[0m[2m:[0m Armor Red_Sm
all_Outpost@'B_ARMOR_ROOT': Extracted 34 vertices
[2m2026-10-07T19:05:08.875271Z[0m [32m INFO[0m [2mdaedalus::robomaster::armor::construct[0m[2m:[0m Armor Red_Sm
all_Outpost@'C_ARMOR_ROOT': Added marker with 4 points
[2m2026-10-07T19:05:08.875277Z[0m [32m INFO[0m [2mdaedalus::robomaster::armor::construct[0m[2m:[0m Armor Red_Sm
all_Outpost@'C_ARMOR_ROOT': Extracted 27 vertices
[2m2026-10-07T19:05:08.875282Z[0m [32m INFO[0m [2mdaedalus::robomaster::armor::construct[0m[2m:[0m Armor Red_Sm
all_Outpost@'C_ARMOR_ROOT': Extracted 44 vertices
[2m2026-10-07T19:05:08.875318Z[0m [32m INFO[0m [2mdaedalus::robomaster::armor::construct[0m[2m:[0m Armor Blue_S
mall_Outpost@'D_ARMOR_ROOT': Added marker with 4 points
[2m2026-10-07T19:05:08.875327Z[0m [32m INFO[0m [2mdaedalus::robomaster::armor::construct[0m[2m:[0m Armor Blue_S
mall_Outpost@'D_ARMOR_ROOT': Extracted 35 vertices
[2m2026-10-07T19:05:08.875331Z[0m [32m INFO[0m [2mdaedalus::robomaster::armor::construct[0m[2m:[0m Armor Blue_S
mall_Outpost@'D_ARMOR_ROOT': Extracted 34 vertices
[2m2026-10-07T19:05:08.875354Z[0m [32m INFO[0m [2mdaedalus::robomaster::armor::construct[0m[2m:[0m Armor Blue_S
mall_Outpost@'E_ARMOR_ROOT': Added marker with 4 points
[2m2026-10-07T19:05:08.875361Z[0m [32m INFO[0m [2mdaedalus::robomaster::armor::construct[0m[2m:[0m Armor Blue_S
mall_Outpost@'E_ARMOR_ROOT': Extracted 35 vertices
[2m2026-10-07T19:05:08.875365Z[0m [32m INFO[0m [2mdaedalus::robomaster::armor::construct[0m[2m:[0m Armor Blue_S
mall_Outpost@'E_ARMOR_ROOT': Extracted 34 vertices
[2m2026-10-07T19:05:08.875384Z[0m [32m INFO[0m [2mdaedalus::robomaster::armor::construct[0m[2m:[0m Armor Blue_S
mall_Outpost@'F_ARMOR_ROOT': Added marker with 4 points
[2m2026-10-07T19:05:08.875392Z[0m [32m INFO[0m [2mdaedalus::robomaster::armor::construct[0m[2m:[0m Armor Blue_S
mall_Outpost@'F_ARMOR_ROOT': Extracted 35 vertices
[2m2026-10-07T19:05:08.875396Z[0m [32m INFO[0m [2mdaedalus::robomaster::armor::construct[0m[2m:[0m Armor Blue_S
mall_Outpost@'F_ARMOR_ROOT': Extracted 34 vertices
[2m2026-10-07T19:05:08.888266Z[0m [32m INFO[0m [2mdaedalus::robomaster::tech_core::construct[0m[2m:[0m Tech cor
e lights bound
[2m2026-10-07T19:05:08.949225Z[0m [33m WARN[0m [2mbevy_gltf::loader[0m[2m:[0m Unknown vertex attribute COLOR_1
[2m2026-10-07T19:05:08.949273Z[0m [33m WARN[0m [2mbevy_gltf::loader[0m[2m:[0m Unknown vertex attribute COLOR_1
[2m2026-10-07T19:05:08.949291Z[0m [33m WARN[0m [2mbevy_gltf::loader[0m[2m:[0m Unknown vertex attribute COLOR_1
[2m2026-10-07T19:05:08.950435Z[0m [33m WARN[0m [2mbevy_gltf::loader[0m[2m:[0m Unknown vertex attribute COLOR_1
[2m2026-10-07T19:05:08.950469Z[0m [33m WARN[0m [2mbevy_gltf::loader[0m[2m:[0m Unknown vertex attribute COLOR_1
[2m2026-10-07T19:05:08.950487Z[0m [33m WARN[0m [2mbevy_gltf::loader[0m[2m:[0m Unknown vertex attribute COLOR_1
[2m2026-10-07T19:05:08.952166Z[0m [33m WARN[0m [2mbevy_gltf::loader[0m[2m:[0m Unknown vertex attribute COLOR_1
[2m2026-10-07T19:05:08.952199Z[0m [33m WARN[0m [2mbevy_gltf::loader[0m[2m:[0m Unknown vertex attribute COLOR_1
[2m2026-10-07T19:05:08.952219Z[0m [33m WARN[0m [2mbevy_gltf::loader[0m[2m:[0m Unknown vertex attribute COLOR_1
[2m2026-10-07T19:05:08.953488Z[0m [33m WARN[0m [2mbevy_gltf::loader[0m[2m:[0m Unknown vertex attribute COLOR_1
[2m2026-10-07T19:05:08.953516Z[0m [33m WARN[0m [2mbevy_gltf::loader[0m[2m:[0m Unknown vertex attribute COLOR_1
[2m2026-10-07T19:05:08.953530Z[0m [33m WARN[0m [2mbevy_gltf::loader[0m[2m:[0m Unknown vertex attribute COLOR_1
[2m2026-10-07T19:05:08.954692Z[0m [33m WARN[0m [2mbevy_gltf::loader[0m[2m:[0m Unknown vertex attribute COLOR_1
[2m2026-10-07T19:05:08.954719Z[0m [33m WARN[0m [2mbevy_gltf::loader[0m[2m:[0m Unknown vertex attribute COLOR_1
[2m2026-10-07T19:05:08.954733Z[0m [33m WARN[0m [2mbevy_gltf::loader[0m[2m:[0m Unknown vertex attribute COLOR_1
[2m2026-10-07T19:05:08.959568Z[0m [33m WARN[0m [2mbevy_gltf::loader[0m[2m:[0m Unknown vertex attribute COLOR_1
[2m2026-10-07T19:05:08.959622Z[0m [33m WARN[0m [2mbevy_gltf::loader[0m[2m:[0m Unknown vertex attribute COLOR_1
[2m2026-10-07T19:05:08.959652Z[0m [33m WARN[0m [2mbevy_gltf::loader[0m[2m:[0m Unknown vertex attribute COLOR_1
[2m2026-10-07T19:05:08.960467Z[0m [33m WARN[0m [2mbevy_gltf::loader[0m[2m:[0m Unknown vertex attribute COLOR_1
[2m2026-10-07T19:05:08.960496Z[0m [33m WARN[0m [2mbevy_gltf::loader[0m[2m:[0m Unknown vertex attribute COLOR_1
[2m2026-10-07T19:05:08.960511Z[0m [33m WARN[0m [2mbevy_gltf::loader[0m[2m:[0m Unknown vertex attribute COLOR_1
[2m2026-10-07T19:05:08.961143Z[0m [33m WARN[0m [2mbevy_gltf::loader[0m[2m:[0m Unknown vertex attribute COLOR_1
[2m2026-10-07T19:05:08.961166Z[0m [33m WARN[0m [2mbevy_gltf::loader[0m[2m:[0m Unknown vertex attribute COLOR_1
[2m2026-10-07T19:05:08.961179Z[0m [33m WARN[0m [2mbevy_gltf::loader[0m[2m:[0m Unknown vertex attribute COLOR_1
[2m2026-10-07T19:05:08.962136Z[0m [33m WARN[0m [2mbevy_gltf::loader[0m[2m:[0m Unknown vertex attribute COLOR_1
[2m2026-10-07T19:05:08.962176Z[0m [33m WARN[0m [2mbevy_gltf::loader[0m[2m:[0m Unknown vertex attribute COLOR_1
[2m2026-10-07T19:05:08.962193Z[0m [33m WARN[0m [2mbevy_gltf::loader[0m[2m:[0m Unknown vertex attribute COLOR_1
[2m2026-10-07T19:05:08.963231Z[0m [33m WARN[0m [2mbevy_gltf::loader[0m[2m:[0m Unknown vertex attribute COLOR_1
[2m2026-10-07T19:05:08.963276Z[0m [33m WARN[0m [2mbevy_gltf::loader[0m[2m:[0m Unknown vertex attribute COLOR_1
[2m2026-10-07T19:05:08.963299Z[0m [33m WARN[0m [2mbevy_gltf::loader[0m[2m:[0m Unknown vertex attribute COLOR_1
[2m2026-10-07T19:05:09.441685Z[0m [32m INFO[0m [2mbevy_diagnostic[0m[2m:[0m fps               :    3.923707   (
avg 93.954894)
[2m2026-10-07T19:05:09.441720Z[0m [32m INFO[0m [2mbevy_diagnostic[0m[2m:[0m frame_time        :  404.588560ms (
avg 40.145269ms)
[2m2026-10-07T19:05:09.441727Z[0m [32m INFO[0m [2mbevy_diagnostic[0m[2m:[0m started_load_count:  124.090390   (
avg 120.777778)
[2m2026-10-07T19:05:09.441733Z[0m [32m INFO[0m [2mbevy_diagnostic[0m[2m:[0m frame_count       : 26.000000
[2m2026-10-07T19:05:09.510544Z[0m [32m INFO[0m [2mdaedalus::robomaster::armor::construct[0m[2m:[0m Armor Red_Sm
all_Three@'1_ARMOR_ROOT': Added marker with 4 points
[2m2026-10-07T19:05:09.510577Z[0m [32m INFO[0m [2mdaedalus::robomaster::armor::construct[0m[2m:[0m Armor Red_Sm
all_Three@'1_ARMOR_ROOT': Extracted 32 vertices
[2m2026-10-07T19:05:09.510586Z[0m [32m INFO[0m [2mdaedalus::robomaster::armor::construct[0m[2m:[0m Armor Red_Sm
all_Three@'1_ARMOR_ROOT': Extracted 34 vertices
[2m2026-10-07T19:05:09.510701Z[0m [32m INFO[0m [2mdaedalus::robomaster::armor::construct[0m[2m:[0m Armor Red_Sm
all_Three@'2_ARMOR_ROOT': Added marker with 4 points
[2m2026-10-07T19:05:09.510715Z[0m [32m INFO[0m [2mdaedalus::robomaster::armor::construct[0m[2m:[0m Armor Red_Sm
all_Three@'2_ARMOR_ROOT': Extracted 32 vertices
[2m2026-10-07T19:05:09.510720Z[0m [32m INFO[0m [2mdaedalus::robomaster::armor::construct[0m[2m:[0m Armor Red_Sm
all_Three@'2_ARMOR_ROOT': Extracted 34 vertices
[2m2026-10-07T19:05:09.510816Z[0m [32m INFO[0m [2mdaedalus::robomaster::armor::construct[0m[2m:[0m Armor Red_Sm
all_Three@'3_ARMOR_ROOT': Added marker with 4 points
[2m2026-10-07T19:05:09.510859Z[0m [32m INFO[0m [2mdaedalus::robomaster::armor::construct[0m[2m:[0m Armor Red_Sm
all_Three@'3_ARMOR_ROOT': Extracted 32 vertices
[2m2026-10-07T19:05:09.510868Z[0m [32m INFO[0m [2mdaedalus::robomaster::armor::construct[0m[2m:[0m Armor Red_Sm
all_Three@'3_ARMOR_ROOT': Extracted 34 vertices
[2m2026-10-07T19:05:09.510930Z[0m [32m INFO[0m [2mdaedalus::robomaster::armor::construct[0m[2m:[0m Armor Red_Sm
all_Three@'_ARMOR_ROOT': Added marker with 4 points
[2m2026-10-07T19:05:09.510938Z[0m [32m INFO[0m [2mdaedalus::robomaster::armor::construct[0m[2m:[0m Armor Red_Sm
all_Three@'_ARMOR_ROOT': Extracted 32 vertices
[2m2026-10-07T19:05:09.510943Z[0m [32m INFO[0m [2mdaedalus::robomaster::armor::construct[0m[2m:[0m Armor Red_Sm
all_Three@'_ARMOR_ROOT': Extracted 34 vertices
[2m2026-10-07T19:05:09.564271Z[0m [32m INFO[0m [2mdaedalus::robomaster::armor::construct[0m[2m:[0m Armor Blue_S
mall_Three@'1_ARMOR_ROOT': Added marker with 4 points
[2m2026-10-07T19:05:09.564314Z[0m [32m INFO[0m [2mdaedalus::robomaster::armor::construct[0m[2m:[0m Armor Blue_S
mall_Three@'1_ARMOR_ROOT': Extracted 32 vertices
[2m2026-10-07T19:05:09.564324Z[0m [32m INFO[0m [2mdaedalus::robomaster::armor::construct[0m[2m:[0m Armor Blue_S
mall_Three@'1_ARMOR_ROOT': Extracted 34 vertices
[2m2026-10-07T19:05:09.564420Z[0m [32m INFO[0m [2mdaedalus::robomaster::armor::construct[0m[2m:[0m Armor Blue_S
mall_Three@'2_ARMOR_ROOT': Added marker with 4 points
[2m2026-10-07T19:05:09.564435Z[0m [32m INFO[0m [2mdaedalus::robomaster::armor::construct[0m[2m:[0m Armor Blue_S
mall_Three@'2_ARMOR_ROOT': Extracted 32 vertices
[2m2026-10-07T19:05:09.564442Z[0m [32m INFO[0m [2mdaedalus::robomaster::armor::construct[0m[2m:[0m Armor Blue_S
mall_Three@'2_ARMOR_ROOT': Extracted 34 vertices
[2m2026-10-07T19:05:09.564497Z[0m [32m INFO[0m [2mdaedalus::robomaster::armor::construct[0m[2m:[0m Armor Blue_S
mall_Three@'3_ARMOR_ROOT': Added marker with 4 points
[2m2026-10-07T19:05:09.564510Z[0m [32m INFO[0m [2mdaedalus::robomaster::armor::construct[0m[2m:[0m Armor Blue_S
mall_Three@'3_ARMOR_ROOT': Extracted 32 vertices
[2m2026-10-07T19:05:09.564518Z[0m [32m INFO[0m [2mdaedalus::robomaster::armor::construct[0m[2m:[0m Armor Blue_S
mall_Three@'3_ARMOR_ROOT': Extracted 34 vertices
[2m2026-10-07T19:05:09.564606Z[0m [32m INFO[0m [2mdaedalus::robomaster::armor::construct[0m[2m:[0m Armor Blue_S
mall_Three@'_ARMOR_ROOT': Added marker with 4 points
[2m2026-10-07T19:05:09.564616Z[0m [32m INFO[0m [2mdaedalus::robomaster::armor::construct[0m[2m:[0m Armor Blue_S
mall_Three@'_ARMOR_ROOT': Extracted 32 vertices
[2m2026-10-07T19:05:09.564623Z[0m [32m INFO[0m [2mdaedalus::robomaster::armor::construct[0m[2m:[0m Armor Blue_S
mall_Three@'_ARMOR_ROOT': Extracted 34 vertices
[2m2026-10-07T19:05:09.608881Z[0m [32m INFO[0m [2mdaedalus::robomaster::armor::construct[0m[2m:[0m Armor Blue_L
arge_One@'1_AM12_ARMOR_ROOT': Added marker with 4 points
[2m2026-10-07T19:05:09.608917Z[0m [32m INFO[0m [2mdaedalus::robomaster::armor::construct[0m[2m:[0m Armor Blue_L
arge_One@'1_AM12_ARMOR_ROOT': Extracted 32 vertices
[2m2026-10-07T19:05:09.608928Z[0m [32m INFO[0m [2mdaedalus::robomaster::armor::construct[0m[2m:[0m Armor Blue_L
arge_One@'1_AM12_ARMOR_ROOT': Extracted 34 vertices
[2m2026-10-07T19:05:09.608972Z[0m [32m INFO[0m [2mdaedalus::robomaster::armor::construct[0m[2m:[0m Armor Blue_L
arge_One@'2_AM12_ARMOR_ROOT': Added marker with 4 points
[2m2026-10-07T19:05:09.608979Z[0m [32m INFO[0m [2mdaedalus::robomaster::armor::construct[0m[2m:[0m Armor Blue_L
arge_One@'2_AM12_ARMOR_ROOT': Extracted 32 vertices
[2m2026-10-07T19:05:09.608984Z[0m [32m INFO[0m [2mdaedalus::robomaster::armor::construct[0m[2m:[0m Armor Blue_L
arge_One@'2_AM12_ARMOR_ROOT': Extracted 34 vertices
[2m2026-10-07T19:05:09.609034Z[0m [32m INFO[0m [2mdaedalus::robomaster::armor::construct[0m[2m:[0m Armor Blue_L
arge_One@'3_AM12_ARMOR_ROOT': Added marker with 4 points
[2m2026-10-07T19:05:09.609043Z[0m [32m INFO[0m [2mdaedalus::robomaster::armor::construct[0m[2m:[0m Armor Blue_L
arge_One@'3_AM12_ARMOR_ROOT': Extracted 32 vertices
[2m2026-10-07T19:05:09.609049Z[0m [32m INFO[0m [2mdaedalus::robomaster::armor::construct[0m[2m:[0m Armor Blue_L
arge_One@'3_AM12_ARMOR_ROOT': Extracted 34 vertices
[2m2026-10-07T19:05:09.609093Z[0m [32m INFO[0m [2mdaedalus::robomaster::armor::construct[0m[2m:[0m Armor Blue_L
arge_One@'4_AM12_ARMOR_ROOT': Added marker with 4 points
[2m2026-10-07T19:05:09.609101Z[0m [32m INFO[0m [2mdaedalus::robomaster::armor::construct[0m[2m:[0m Armor Blue_L
arge_One@'4_AM12_ARMOR_ROOT': Extracted 32 vertices
[2m2026-10-07T19:05:09.609108Z[0m [32m INFO[0m [2mdaedalus::robomaster::armor::construct[0m[2m:[0m Armor Blue_L
arge_One@'4_AM12_ARMOR_ROOT': Extracted 34 vertices
[2m2026-10-07T19:05:09.641515Z[0m [32m INFO[0m [2mdaedalus::scene[0m[2m:[0m scene loaded

thread 'Compute Task Pool (6)' (23576) panicked at src\robomaster\armor\marker.rs:12:9:
Expected 4 vertices but got 6
note: run with `RUST_BACKTRACE=1` environment variable to display a backtrace
Encountered a panic in system `daedalus::robomaster::armor::construct::insert`!
Encountered a panic in system `bevy_app::main_schedule::Main::run_main`!
[1m[91merror[0m: process didn't exit successfully: `target\release\daedalus.exe` (exit code: 101)
